student@student-OptiPlex-3050:~$ sudo mysql -u root -p;
[sudo] password for student: 
Enter password: 
Welcome to the MariaDB monitor.  Commands end with ; or \g.
Your MariaDB connection id is 35
Server version: 10.0.38-MariaDB-0ubuntu0.16.04.1 Ubuntu 16.04

Copyright (c) 2000, 2018, Oracle, MariaDB Corporation Ab and others.

Type 'help;' or '\h' for help. Type '\c' to clear the current input statement.

MariaDB [(none)]> select user from mysql.user;
+------+
| user |
+------+
| root |
+------+
1 row in set (0.00 sec)

MariaDB [(none)]> create user 'user1'@localhost identified by 'password1';
Query OK, 0 rows affected (0.02 sec)

MariaDB [(none)]> grant all privileges on *.* to 'user1'@localhost identified by 'password1';
Query OK, 0 rows affected (0.00 sec)

MariaDB [(none)]> show grants for 'user1'@localhost;
+-----------------------------------------------------------------------------------------------------------------------+
| Grants for user1@localhost                                                                                            |
+-----------------------------------------------------------------------------------------------------------------------+
| GRANT ALL PRIVILEGES ON *.* TO 'user1'@'localhost' IDENTIFIED BY PASSWORD '*668425423DB5193AF921380129F465A6425216D0' |
+-----------------------------------------------------------------------------------------------------------------------+
1 row in set (0.00 sec)

MariaDB [(none)]> revoke insert on *.* from 'user1'@'localhost';
Query OK, 0 rows affected (0.00 sec)

MariaDB [(none)]> show grants for 'user1'@localhost;
+----------------------------------------------------------------------------------------------------------------------------------------------------------------------------------------------------------------------------------------------------------------------------------------------------------------------------------------------------------------------------------------------------------------------------+
| Grants for user1@localhost                                                                                                                                                                                                                                                                                                                                                                                                 |
+----------------------------------------------------------------------------------------------------------------------------------------------------------------------------------------------------------------------------------------------------------------------------------------------------------------------------------------------------------------------------------------------------------------------------+
| GRANT SELECT, UPDATE, DELETE, CREATE, DROP, RELOAD, SHUTDOWN, PROCESS, FILE, REFERENCES, INDEX, ALTER, SHOW DATABASES, SUPER, CREATE TEMPORARY TABLES, LOCK TABLES, EXECUTE, REPLICATION SLAVE, REPLICATION CLIENT, CREATE VIEW, SHOW VIEW, CREATE ROUTINE, ALTER ROUTINE, CREATE USER, EVENT, TRIGGER, CREATE TABLESPACE ON *.* TO 'user1'@'localhost' IDENTIFIED BY PASSWORD '*668425423DB5193AF921380129F465A6425216D0' |
+----------------------------------------------------------------------------------------------------------------------------------------------------------------------------------------------------------------------------------------------------------------------------------------------------------------------------------------------------------------------------------------------------------------------------+
1 row in set (0.00 sec)

MariaDB [(none)]> 










student@student-OptiPlex-3050:~$ mysql -u user1 -p;
Enter password: 
Welcome to the MariaDB monitor.  Commands end with ; or \g.
Your MariaDB connection id is 37
Server version: 10.0.38-MariaDB-0ubuntu0.16.04.1 Ubuntu 16.04

Copyright (c) 2000, 2018, Oracle, MariaDB Corporation Ab and others.

Type 'help;' or '\h' for help. Type '\c' to clear the current input statement.

MariaDB [(none)]> show databses;
ERROR 1064 (42000): You have an error in your SQL syntax; check the manual that corresponds to your MariaDB server version for the right syntax to use near 'databses' at line 1
MariaDB [(none)]> show databases;
+--------------------+
| Database           |
+--------------------+
| adithya            |
| db1                |
| db2                |
| db3                |
| db4                |
| information_schema |
| mysql              |
| performance_schema |
+--------------------+
8 rows in set (0.00 sec)

MariaDB [(none)]> create database db5;
Query OK, 1 row affected (0.00 sec)

MariaDB [(none)]> use db5;
Database changed
MariaDB [db5]> create table student(stid int,name varchar (30));
Query OK, 0 rows affected (0.29 sec)

MariaDB [db5]> insert into student values(1,'adithya');
ERROR 1142 (42000): INSERT command denied to user 'user1'@'localhost' for table 'student'
MariaDB [db5]> 



